[0.018s][info][gc,init] CardTable entry size: 512
[0.019s][info][gc     ] Using G1
[0.121s][info][gc,init] Version: 21.0.10+8-LTS-217 (release)
[0.121s][info][gc,init] CPUs: 8 total, 8 available
[0.121s][info][gc,init] Memory: 24314M
[0.121s][info][gc,init] Large Page Support: Disabled
[0.121s][info][gc,init] NUMA Support: Disabled
[0.121s][info][gc,init] Compressed Oops: Enabled (32-bit)
[0.121s][info][gc,init] Heap Region Size: 1M
[0.121s][info][gc,init] Heap Min Capacity: 512M
[0.121s][info][gc,init] Heap Initial Capacity: 512M
[0.121s][info][gc,init] Heap Max Capacity: 512M
[0.121s][info][gc,init] Pre-touch: Enabled
[0.121s][info][gc,init] Parallel Workers: 8
[0.121s][info][gc,init] Concurrent Workers: 2
[0.121s][info][gc,init] Concurrent Refinement Workers: 8
[0.121s][info][gc,init] Periodic GC: Disabled
[0.132s][info][gc,metaspace] CDS archive(s) mapped at: [0x0000016f03000000-0x0000016f03c90000-0x0000016f03c90000), size 13172736, SharedBaseAddress: 0x0000016f03000000, ArchiveRelocationMode: 1.
[0.132s][info][gc,metaspace] Compressed class space mapped at: 0x0000016f04000000-0x0000016f44000000, reserved size: 1073741824
[0.132s][info][gc,metaspace] Narrow klass base: 0x0000016f03000000, Narrow klass shift: 0, Narrow klass range: 0x100000000
[7.003s][info][gc,start    ] GC(0) Pause Young (Normal) (G1 Evacuation Pause)
[7.004s][info][gc,task     ] GC(0) Using 8 workers of 8 for evacuation
[7.012s][info][gc,phases   ] GC(0)   Pre Evacuate Collection Set: 0.2ms
[7.012s][info][gc,phases   ] GC(0)   Merge Heap Roots: 0.1ms
[7.012s][info][gc,phases   ] GC(0)   Evacuate Collection Set: 7.2ms
[7.012s][info][gc,phases   ] GC(0)   Post Evacuate Collection Set: 0.6ms
[7.012s][info][gc,phases   ] GC(0)   Other: 0.9ms
[7.012s][info][gc,heap     ] GC(0) Eden regions: 29->0(42)
[7.012s][info][gc,heap     ] GC(0) Survivor regions: 0->4(4)
[7.013s][info][gc,heap     ] GC(0) Old regions: 0->0
[7.013s][info][gc,heap     ] GC(0) Humongous regions: 0->0
[7.013s][info][gc,metaspace] GC(0) Metaspace: 5687K(5824K)->5687K(5824K) NonClass: 5096K(5184K)->5096K(5184K) Class: 591K(640K)->591K(640K)
[7.013s][info][gc          ] GC(0) Pause Young (Normal) (G1 Evacuation Pause) 29M->3M(512M) 9.354ms
[7.013s][info][gc,cpu      ] GC(0) User=0.00s Sys=0.00s Real=0.01s
[43.721s][info][gc,start    ] GC(1) Pause Young (Normal) (G1 Evacuation Pause)
[43.721s][info][gc,task     ] GC(1) Using 8 workers of 8 for evacuation
[43.740s][info][gc,phases   ] GC(1)   Pre Evacuate Collection Set: 0.3ms
[43.740s][info][gc,phases   ] GC(1)   Merge Heap Roots: 0.1ms
[43.740s][info][gc,phases   ] GC(1)   Evacuate Collection Set: 17.2ms
[43.740s][info][gc,phases   ] GC(1)   Post Evacuate Collection Set: 1.4ms
[43.740s][info][gc,phases   ] GC(1)   Other: 0.2ms
[43.740s][info][gc,heap     ] GC(1) Eden regions: 42->0(301)
[43.740s][info][gc,heap     ] GC(1) Survivor regions: 4->6(6)
[43.740s][info][gc,heap     ] GC(1) Old regions: 0->9
[43.740s][info][gc,heap     ] GC(1) Humongous regions: 4->4
[43.740s][info][gc,metaspace] GC(1) Metaspace: 15351K(15744K)->15351K(15744K) NonClass: 13613K(13824K)->13613K(13824K) Class: 1737K(1920K)->1737K(1920K)
[43.740s][info][gc          ] GC(1) Pause Young (Normal) (G1 Evacuation Pause) 49M->18M(512M) 19.614ms
[43.740s][info][gc,cpu      ] GC(1) User=0.11s Sys=0.02s Real=0.02s
2026-04-09 15:34:01.654 INFO  (main) [] o.e.j.s.Server jetty-12.0.27; built: 2025-09-10T23:47:49.595Z; git: 3569a3e83ad136ee44e26b370b74c1c5e9f33e61; jvm 21.0.10+8-LTS-217
2026-04-09 15:34:06.328 INFO  (main) [] o.e.j.e.w.StandardDescriptorProcessor NO JSP Support for /solr, did not find org.apache.jasper.servlet.JspServlet
2026-04-09 15:34:06.411 INFO  (main) [] o.e.j.s.h.ContextHandler Started oeje10w.WebAppContext@7f9e1534{solr-jetty-context,/solr,b=file:///C:/Users/zhixu/OneDrive%20-%20Nanyang%20Technological%20University/Y4S2/SC4021/Assignment/SC4021/solr-10.0.0/server/solr-webapp/webapp/,a=AVAILABLE,h=oeje10s.SessionHandler@138a7441{STARTED}}{C:\Users\zhixu\OneDrive - Nanyang Technological University\Y4S2\SC4021\Assignment\SC4021\solr-10.0.0\server/solr-webapp/webapp}
2026-04-09 15:34:06.449 WARN  (main) [] o.a.s.c.u.EnvUtils You are passing in deprecated system property zk.client.timeout and should upgrade to using solr.zookeeper.client.timeout instead.  The deprecated property support will be removed in future version of Solr.
2026-04-09 15:34:06.449 INFO  (main) [] o.a.s.s.CoreContainerProvider Using logger factory org.apache.logging.slf4j.Log4jLoggerFactory
2026-04-09 15:34:06.486 INFO  (main) [] o.a.s.s.CoreContainerProvider  ___      _       Welcome to Apache Solr™ version 10.0.0
2026-04-09 15:34:06.488 INFO  (main) [] o.a.s.s.CoreContainerProvider / __| ___| |_ _   Starting in cloud mode on port 8983
2026-04-09 15:34:06.488 INFO  (main) [] o.a.s.s.CoreContainerProvider \__ \/ _ \ | '_|  Install dir: C:\Users\zhixu\OneDrive - Nanyang Technological University\Y4S2\SC4021\Assignment\SC4021\solr-10.0.0
2026-04-09 15:34:06.488 INFO  (main) [] o.a.s.s.CoreContainerProvider |___/\___/_|_|    Start time: 2026-04-09T15:34:06.488879500Z
2026-04-09 15:34:06.498 INFO  (main) [] o.a.s.s.CoreContainerProvider Solr started with "-XX:+CrashOnOutOfMemoryError" that will crash on any OutOfMemoryError exception. The cause of the OOME will be logged in the crash file at the following path: C:\Users\zhixu\OneDrive - Nanyang Technological University\Y4S2\SC4021\Assignment\SC4021\solr-10.0.0\server\logs\jvm_crash_5084.log
[48.921s][info][gc,start    ] GC(2) Pause Young (Concurrent Start) (Metadata GC Threshold)
[48.921s][info][gc,task     ] GC(2) Using 8 workers of 8 for evacuation
[48.939s][info][gc,phases   ] GC(2)   Pre Evacuate Collection Set: 0.4ms
[48.939s][info][gc,phases   ] GC(2)   Merge Heap Roots: 0.2ms
[48.939s][info][gc,phases   ] GC(2)   Evacuate Collection Set: 13.8ms
[48.939s][info][gc,phases   ] GC(2)   Post Evacuate Collection Set: 2.7ms
[48.939s][info][gc,phases   ] GC(2)   Other: 0.4ms
[48.939s][info][gc,heap     ] GC(2) Eden regions: 291->0(290)
[48.939s][info][gc,heap     ] GC(2) Survivor regions: 6->17(39)
[48.939s][info][gc,heap     ] GC(2) Old regions: 9->9
[48.939s][info][gc,heap     ] GC(2) Humongous regions: 4->4
[48.939s][info][gc,metaspace] GC(2) Metaspace: 21035K(21504K)->21035K(21504K) NonClass: 18679K(18944K)->18679K(18944K) Class: 2356K(2560K)->2356K(2560K)
[48.939s][info][gc          ] GC(2) Pause Young (Concurrent Start) (Metadata GC Threshold) 309M->29M(512M) 17.820ms
[48.939s][info][gc,cpu      ] GC(2) User=0.03s Sys=0.02s Real=0.02s
[48.939s][info][gc          ] GC(3) Concurrent Mark Cycle
[48.939s][info][gc,marking  ] GC(3) Concurrent Scan Root Regions
[48.948s][info][gc,marking  ] GC(3) Concurrent Scan Root Regions 8.384ms
[48.948s][info][gc,marking  ] GC(3) Concurrent Mark
[48.948s][info][gc,marking  ] GC(3) Concurrent Mark From Roots
[48.948s][info][gc,task     ] GC(3) Using 2 workers of 2 for marking
[48.971s][info][gc,marking  ] GC(3) Concurrent Mark From Roots 23.458ms
[48.971s][info][gc,marking  ] GC(3) Concurrent Preclean
[48.971s][info][gc,marking  ] GC(3) Concurrent Preclean 0.045ms
[48.983s][info][gc,start    ] GC(3) Pause Remark
[48.987s][info][gc          ] GC(3) Pause Remark 29M->29M(512M) 4.587ms
[48.988s][info][gc,cpu      ] GC(3) User=0.11s Sys=0.02s Real=0.00s
[48.988s][info][gc,marking  ] GC(3) Concurrent Mark 39.934ms
[48.988s][info][gc,marking  ] GC(3) Concurrent Rebuild Remembered Sets and Scrub Regions
[48.999s][info][gc,marking  ] GC(3) Concurrent Rebuild Remembered Sets and Scrub Regions 11.030ms
[48.999s][info][gc,start    ] GC(3) Pause Cleanup
[48.999s][info][gc          ] GC(3) Pause Cleanup 29M->29M(512M) 0.318ms
[48.999s][info][gc,cpu      ] GC(3) User=0.00s Sys=0.00s Real=0.00s
[48.999s][info][gc,marking  ] GC(3) Concurrent Clear Claimed Marks
[48.999s][info][gc,marking  ] GC(3) Concurrent Clear Claimed Marks 0.060ms
[48.999s][info][gc,marking  ] GC(3) Concurrent Cleanup for Next Mark
[49.000s][info][gc,marking  ] GC(3) Concurrent Cleanup for Next Mark 0.889ms
[49.000s][info][gc          ] GC(3) Concurrent Mark Cycle 61.193ms
[51.968s][warning][jfr,system  ] Could not initialize JDK events. access denied ("java.lang.RuntimePermission" "accessClassInPackage.jdk.internal.event")
[53.893s][info   ][gc,start    ] GC(4) Pause Young (Prepare Mixed) (Metadata GC Threshold)
[53.893s][info   ][gc,task     ] GC(4) Using 8 workers of 8 for evacuation
[53.906s][info   ][gc,phases   ] GC(4)   Pre Evacuate Collection Set: 0.3ms
[53.906s][info   ][gc,phases   ] GC(4)   Merge Heap Roots: 0.2ms
[53.906s][info   ][gc,phases   ] GC(4)   Evacuate Collection Set: 11.6ms
[53.906s][info   ][gc,phases   ] GC(4)   Post Evacuate Collection Set: 1.2ms
[53.906s][info   ][gc,phases   ] GC(4)   Other: 0.2ms
[53.907s][info   ][gc,heap     ] GC(4) Eden regions: 145->0(291)
[53.907s][info   ][gc,heap     ] GC(4) Survivor regions: 17->16(39)
[53.907s][info   ][gc,heap     ] GC(4) Old regions: 9->9
[53.907s][info   ][gc,heap     ] GC(4) Humongous regions: 4->4
[53.907s][info   ][gc,metaspace] GC(4) Metaspace: 36534K(37056K)->36534K(37056K) NonClass: 32518K(32768K)->32518K(32768K) Class: 4015K(4288K)->4015K(4288K)
[53.907s][info   ][gc          ] GC(4) Pause Young (Prepare Mixed) (Metadata GC Threshold) 174M->28M(512M) 13.812ms
[53.907s][info   ][gc,cpu      ] GC(4) User=0.00s Sys=0.00s Real=0.01s
[53.944s][info   ][gc,start    ] GC(5) Pause Young (Mixed) (Metadata GC Threshold)
[53.944s][info   ][gc,task     ] GC(5) Using 8 workers of 8 for evacuation
[53.957s][info   ][gc,phases   ] GC(5)   Pre Evacuate Collection Set: 0.2ms
[53.957s][info   ][gc,phases   ] GC(5)   Merge Heap Roots: 0.1ms
[53.957s][info   ][gc,phases   ] GC(5)   Evacuate Collection Set: 11.7ms
[53.957s][info   ][gc,phases   ] GC(5)   Post Evacuate Collection Set: 1.1ms
[53.957s][info   ][gc,phases   ] GC(5)   Other: 0.1ms
[53.957s][info   ][gc,heap     ] GC(5) Eden regions: 3->0(290)
[53.957s][info   ][gc,heap     ] GC(5) Survivor regions: 16->17(39)
[53.957s][info   ][gc,heap     ] GC(5) Old regions: 9->8
[53.957s][info   ][gc,heap     ] GC(5) Humongous regions: 4->4
[53.957s][info   ][gc,metaspace] GC(5) Metaspace: 36910K(37376K)->36910K(37376K) NonClass: 32853K(33088K)->32853K(33088K) Class: 4056K(4288K)->4056K(4288K)
[53.957s][info   ][gc          ] GC(5) Pause Young (Mixed) (Metadata GC Threshold) 30M->28M(512M) 13.674ms
[53.957s][info   ][gc,cpu      ] GC(5) User=0.08s Sys=0.03s Real=0.01s
[54.000s][info   ][gc,start    ] GC(6) Pause Young (Concurrent Start) (Metadata GC Threshold)
[54.000s][info   ][gc,task     ] GC(6) Using 8 workers of 8 for evacuation
[54.013s][info   ][gc,phases   ] GC(6)   Pre Evacuate Collection Set: 0.3ms
[54.013s][info   ][gc,phases   ] GC(6)   Merge Heap Roots: 0.1ms
[54.013s][info   ][gc,phases   ] GC(6)   Evacuate Collection Set: 12.1ms
[54.013s][info   ][gc,phases   ] GC(6)   Post Evacuate Collection Set: 0.8ms
[54.013s][info   ][gc,phases   ] GC(6)   Other: 0.2ms
[54.013s][info   ][gc,heap     ] GC(6) Eden regions: 3->0(290)
[54.013s][info   ][gc,heap     ] GC(6) Survivor regions: 17->17(39)
[54.013s][info   ][gc,heap     ] GC(6) Old regions: 8->8
[54.013s][info   ][gc,heap     ] GC(6) Humongous regions: 4->4
[54.013s][info   ][gc,metaspace] GC(6) Metaspace: 37208K(37696K)->37208K(37696K) NonClass: 33113K(33408K)->33113K(33408K) Class: 4095K(4288K)->4095K(4288K)
[54.013s][info   ][gc          ] GC(6) Pause Young (Concurrent Start) (Metadata GC Threshold) 31M->28M(512M) 13.848ms
[54.014s][info   ][gc,cpu      ] GC(6) User=0.12s Sys=0.00s Real=0.01s
[54.014s][info   ][gc          ] GC(7) Concurrent Mark Cycle
[54.014s][info   ][gc,marking  ] GC(7) Concurrent Scan Root Regions
[54.024s][info   ][gc,marking  ] GC(7) Concurrent Scan Root Regions 10.674ms
[54.024s][info   ][gc,marking  ] GC(7) Concurrent Mark
[54.024s][info   ][gc,marking  ] GC(7) Concurrent Mark From Roots
[54.024s][info   ][gc,task     ] GC(7) Using 2 workers of 2 for marking
[54.044s][info   ][gc,marking  ] GC(7) Concurrent Mark From Roots 19.526ms
[54.044s][info   ][gc,marking  ] GC(7) Concurrent Preclean
[54.044s][info   ][gc,marking  ] GC(7) Concurrent Preclean 0.088ms
[54.044s][info   ][gc,start    ] GC(7) Pause Remark
[54.056s][info   ][gc          ] GC(7) Pause Remark 30M->30M(512M) 11.861ms
[54.056s][info   ][gc,cpu      ] GC(7) User=0.05s Sys=0.02s Real=0.01s
[54.056s][info   ][gc,marking  ] GC(7) Concurrent Mark 32.015ms
[54.056s][info   ][gc,marking  ] GC(7) Concurrent Rebuild Remembered Sets and Scrub Regions
[54.068s][info   ][gc,marking  ] GC(7) Concurrent Rebuild Remembered Sets and Scrub Regions 11.197ms
[54.068s][info   ][gc,start    ] GC(7) Pause Cleanup
[54.068s][info   ][gc          ] GC(7) Pause Cleanup 30M->30M(512M) 0.258ms
[54.068s][info   ][gc,cpu      ] GC(7) User=0.00s Sys=0.00s Real=0.00s
[54.068s][info   ][gc,marking  ] GC(7) Concurrent Clear Claimed Marks
[54.068s][info   ][gc,marking  ] GC(7) Concurrent Clear Claimed Marks 0.098ms
[54.068s][info   ][gc,marking  ] GC(7) Concurrent Cleanup for Next Mark
[54.070s][info   ][gc,marking  ] GC(7) Concurrent Cleanup for Next Mark 1.356ms
[54.070s][info   ][gc          ] GC(7) Concurrent Mark Cycle 56.287ms
[61.549s][info   ][gc,start    ] GC(8) Pause Young (Concurrent Start) (Metadata GC Threshold)
[61.549s][info   ][gc,task     ] GC(8) Using 8 workers of 8 for evacuation
[61.583s][info   ][gc,phases   ] GC(8)   Pre Evacuate Collection Set: 0.2ms
[61.583s][info   ][gc,phases   ] GC(8)   Merge Heap Roots: 0.1ms
[61.583s][info   ][gc,phases   ] GC(8)   Evacuate Collection Set: 32.0ms
[61.583s][info   ][gc,phases   ] GC(8)   Post Evacuate Collection Set: 1.5ms
[61.583s][info   ][gc,phases   ] GC(8)   Other: 0.1ms
[61.583s][info   ][gc,heap     ] GC(8) Eden regions: 267->0(268)
[61.583s][info   ][gc,heap     ] GC(8) Survivor regions: 17->39(39)
[61.583s][info   ][gc,heap     ] GC(8) Old regions: 8->9
[61.583s][info   ][gc,heap     ] GC(8) Humongous regions: 4->4
[61.583s][info   ][gc,metaspace] GC(8) Metaspace: 62562K(63168K)->62562K(63168K) NonClass: 55310K(55616K)->55310K(55616K) Class: 7252K(7552K)->7252K(7552K)
[61.583s][info   ][gc          ] GC(8) Pause Young (Concurrent Start) (Metadata GC Threshold) 295M->51M(512M) 34.252ms
[61.583s][info   ][gc          ] GC(9) Concurrent Mark Cycle
[61.583s][info   ][gc,marking  ] GC(9) Concurrent Scan Root Regions
[61.583s][info   ][gc,cpu      ] GC(8) User=0.23s Sys=0.00s Real=0.03s
[61.605s][info   ][gc,marking  ] GC(9) Concurrent Scan Root Regions 21.373ms
[61.605s][info   ][gc,marking  ] GC(9) Concurrent Mark
[61.605s][info   ][gc,marking  ] GC(9) Concurrent Mark From Roots
[61.605s][info   ][gc,task     ] GC(9) Using 2 workers of 2 for marking
[61.631s][info   ][gc,marking  ] GC(9) Concurrent Mark From Roots 25.925ms
[61.631s][info   ][gc,marking  ] GC(9) Concurrent Preclean
[61.631s][info   ][gc,marking  ] GC(9) Concurrent Preclean 0.076ms
[61.639s][info   ][gc,start    ] GC(9) Pause Remark
[61.652s][info   ][gc          ] GC(9) Pause Remark 52M->52M(512M) 12.706ms
[61.652s][info   ][gc,cpu      ] GC(9) User=0.02s Sys=0.00s Real=0.01s
[61.655s][info   ][gc,marking  ] GC(9) Concurrent Mark 50.199ms
[61.655s][info   ][gc,marking  ] GC(9) Concurrent Rebuild Remembered Sets and Scrub Regions
[61.661s][info   ][gc,marking  ] GC(9) Concurrent Rebuild Remembered Sets and Scrub Regions 5.486ms
[61.673s][info   ][gc,start    ] GC(9) Pause Cleanup
[61.673s][info   ][gc          ] GC(9) Pause Cleanup 52M->52M(512M) 0.243ms
[61.673s][info   ][gc,cpu      ] GC(9) User=0.00s Sys=0.00s Real=0.00s
[61.675s][info   ][gc,marking  ] GC(9) Concurrent Clear Claimed Marks
[61.675s][info   ][gc,marking  ] GC(9) Concurrent Clear Claimed Marks 0.089ms
[61.675s][info   ][gc,marking  ] GC(9) Concurrent Cleanup for Next Mark
[61.677s][info   ][gc,marking  ] GC(9) Concurrent Cleanup for Next Mark 1.230ms
[61.677s][info   ][gc          ] GC(9) Concurrent Mark Cycle 93.142ms
